// Jest Snapshot v1, https://goo.gl/fbAQLP

exports[`LinkButton renders a button 1`] = `
<button
  className="dp-button dp-button--l dp-button--primary"
  onClick={[Function]}
>
  Index
</button>
`;
